This is pdfTeX, Version 3.141592653-2.6-1.40.29 (TeX Live 2026) (preloaded format=pdflatex 2026.5.27)  23 SEP 2026 18:54
entering extended mode
 restricted \write18 enabled.
 %&-line parsing enabled.
**solutions.tex
(./solutions.tex
LaTeX2e <2025-11-01>
L3 programming layer <2026-03-20>
(/usr/share/texlive/texmf-dist/tex/latex/base/article.cls
Document Class: article 2025/01/22 v1.4n Standard LaTeX document class
(/usr/share/texlive/texmf-dist/tex/latex/base/size12.clo
File: size12.clo 2025/01/22 v1.4n Standard LaTeX file (size option)
)
\c@part=\count275
\c@section=\count276
\c@subsection=\count277
\c@subsubsection=\count278
\c@paragraph=\count279
\c@subparagraph=\count280
\c@figure=\count281
\c@table=\count282
\abovecaptionskip=\skip49
\belowcaptionskip=\skip50
\bibindent=\dimen150
)
(/usr/share/texlive/texmf-dist/tex/latex/amsfonts/amssymb.sty
Package: amssymb 2013/01/14 v3.01 AMS font symbols

(/usr/share/texlive/texmf-dist/tex/latex/amsfonts/amsfonts.sty
Package: amsfonts 2013/01/14 v3.01 Basic AMSFonts support
\@emptytoks=\toks17
\symAMSa=\mathgroup4
\symAMSb=\mathgroup5
LaTeX Font Info:    Redeclaring math symbol \hbar on input line 98.
LaTeX Font Info:    Overwriting math alphabet `\mathfrak' in version `bold'
(Font)                  U/euf/m/n --> U/euf/b/n on input line 106.
))
(/usr/share/texlive/texmf-dist/tex/latex/amsmath/amsmath.sty
Package: amsmath 2025/07/09 v2.17z AMS math features
\@mathmargin=\skip51

For additional information on amsmath, use the `?' option.
(/usr/share/texlive/texmf-dist/tex/latex/amsmath/amstext.sty
Package: amstext 2024/11/17 v2.01 AMS text

(/usr/share/texlive/texmf-dist/tex/latex/amsmath/amsgen.sty
File: amsgen.sty 1999/11/30 v2.0 generic functions
\@emptytoks=\toks18
\ex@=\dimen151
))
(/usr/share/texlive/texmf-dist/tex/latex/amsmath/amsbsy.sty
Package: amsbsy 1999/11/29 v1.2d Bold Symbols
\pmbraise@=\dimen152
)
(/usr/share/texlive/texmf-dist/tex/latex/amsmath/amsopn.sty
Package: amsopn 2022/04/08 v2.04 operator names
)
\inf@bad=\count283
LaTeX Info: Redefining \frac on input line 233.
\uproot@=\count284
\leftroot@=\count285
LaTeX Info: Redefining \overline on input line 398.
LaTeX Info: Redefining \colon on input line 409.
\classnum@=\count286
\DOTSCASE@=\count287
LaTeX Info: Redefining \ldots on input line 495.
LaTeX Info: Redefining \dots on input line 498.
LaTeX Info: Redefining \cdots on input line 619.
\Mathstrutbox@=\box53
\strutbox@=\box54
LaTeX Info: Redefining \big on input line 721.
LaTeX Info: Redefining \Big on input line 722.
LaTeX Info: Redefining \bigg on input line 723.
LaTeX Info: Redefining \Bigg on input line 724.
\big@size=\dimen153
LaTeX Font Info:    Redeclaring font encoding OML on input line 742.
LaTeX Font Info:    Redeclaring font encoding OMS on input line 743.
\macc@depth=\count288
LaTeX Info: Redefining \bmod on input line 904.
LaTeX Info: Redefining \pmod on input line 909.
LaTeX Info: Redefining \smash on input line 939.
LaTeX Info: Redefining \relbar on input line 969.
LaTeX Info: Redefining \Relbar on input line 970.
\c@MaxMatrixCols=\count289
\dotsspace@=\muskip17
\c@parentequation=\count290
\dspbrk@lvl=\count291
\tag@help=\toks19
\row@=\count292
\column@=\count293
\maxfields@=\count294
\andhelp@=\toks20
\eqnshift@=\dimen154
\alignsep@=\dimen155
\tagshift@=\dimen156
\tagwidth@=\dimen157
\totwidth@=\dimen158
\lineht@=\dimen159
\@envbody=\toks21
\multlinegap=\skip52
\multlinetaggap=\skip53
\mathdisplay@stack=\toks22
LaTeX Info: Redefining \[ on input line 2950.
LaTeX Info: Redefining \] on input line 2951.
)
(/usr/share/texlive/texmf-dist/tex/latex/amscls/amsthm.sty
Package: amsthm 2020/05/29 v2.20.6
\thm@style=\toks23
\thm@bodyfont=\toks24
\thm@headfont=\toks25
\thm@notefont=\toks26
\thm@headpunct=\toks27
\thm@preskip=\skip54
\thm@postskip=\skip55
\thm@headsep=\skip56
\dth@everypar=\toks28
)
(/usr/share/texlive/texmf-dist/tex/latex/url/url.sty
\Urlmuskip=\muskip18
Package: url 2013/09/16  ver 3.4  Verb mode for urls, etc.
)
(/usr/share/texlive/texmf-dist/tex/latex/graphics/graphicx.sty
Package: graphicx 2024/12/31 v1.2e Enhanced LaTeX Graphics (DPC,SPQR)

(/usr/share/texlive/texmf-dist/tex/latex/graphics/keyval.sty
Package: keyval 2022/05/29 v1.15 key=value parser (DPC)
\KV@toks@=\toks29
)
(/usr/share/texlive/texmf-dist/tex/latex/graphics/graphics.sty
Package: graphics 2024/08/06 v1.4g Standard LaTeX Graphics (DPC,SPQR)

(/usr/share/texlive/texmf-dist/tex/latex/graphics/trig.sty
Package: trig 2023/12/02 v1.11 sin cos tan (DPC)
)
(/usr/share/texlive/texmf-dist/tex/latex/graphics-cfg/graphics.cfg
File: graphics.cfg 2016/06/04 v1.11 sample graphics configuration
)
Package graphics Info: Driver file: pdftex.def on input line 106.

(/usr/share/texlive/texmf-dist/tex/latex/graphics-def/pdftex.def
File: pdftex.def 2025/09/29 v1.2d Graphics/color driver for pdftex
))
\Gin@req@height=\dimen160
\Gin@req@width=\dimen161
)
(/usr/share/texlive/texmf-dist/tex/latex/graphics/color.sty
Package: color 2025/01/14 v1.3e Standard LaTeX Color (DPC)

(/usr/share/texlive/texmf-dist/tex/latex/graphics-cfg/color.cfg
File: color.cfg 2016/01/02 v1.6 sample color configuration
)
Package color Info: Driver file: pdftex.def on input line 149.

(/usr/share/texlive/texmf-dist/tex/latex/graphics/mathcolor.ltx))
Package color Info: Redefining color green on input line 26.
Package color Info: Redefining color blue on input line 27.

(/usr/share/texlive/texmf-dist/tex/latex/l3backend/l3backend-pdftex.def
File: l3backend-pdftex.def 2026-02-18 L3 backend support: PDF output (pdfTeX)
\l__color_backend_stack_int=\count295
)
(./solutions.aux)
\openout1 = `solutions.aux'.

LaTeX Font Info:    Checking defaults for OML/cmm/m/it on input line 33.
LaTeX Font Info:    ... okay on input line 33.
LaTeX Font Info:    Checking defaults for OMS/cmsy/m/n on input line 33.
LaTeX Font Info:    ... okay on input line 33.
LaTeX Font Info:    Checking defaults for OT1/cmr/m/n on input line 33.
LaTeX Font Info:    ... okay on input line 33.
LaTeX Font Info:    Checking defaults for T1/cmr/m/n on input line 33.
LaTeX Font Info:    ... okay on input line 33.
LaTeX Font Info:    Checking defaults for TS1/cmr/m/n on input line 33.
LaTeX Font Info:    ... okay on input line 33.
LaTeX Font Info:    Checking defaults for OMX/cmex/m/n on input line 33.
LaTeX Font Info:    ... okay on input line 33.
LaTeX Font Info:    Checking defaults for U/cmr/m/n on input line 33.
LaTeX Font Info:    ... okay on input line 33.

(/usr/share/texlive/texmf-dist/tex/context/base/mkii/supp-pdf.mkii
[Loading MPS to PDF converter (version 2006.09.02).]
\scratchcounter=\count296
\scratchdimen=\dimen162
\scratchbox=\box55
\nofMPsegments=\count297
\nofMParguments=\count298
\everyMPshowfont=\toks30
\MPscratchCnt=\count299
\MPscratchDim=\dimen163
\MPnumerator=\count300
\makeMPintoPDFobject=\count301
\everyMPtoPDFconversion=\toks31
) (/usr/share/texlive/texmf-dist/tex/latex/epstopdf-pkg/epstopdf-base.sty
Package: epstopdf-base 2020-01-24 v2.11 Base part for package epstopdf
Package epstopdf-base Info: Redefining graphics rule for `.eps' on input line 4
85.

(/usr/share/texlive/texmf-dist/tex/latex/latexconfig/epstopdf-sys.cfg
File: epstopdf-sys.cfg 2010/07/13 v1.3 Configuration of (r)epstopdf for TeX Liv
e
))
LaTeX Font Info:    Trying to load font information for U+msa on input line 34.


(/usr/share/texlive/texmf-dist/tex/latex/amsfonts/umsa.fd
File: umsa.fd 2013/01/14 v3.01 AMS symbols A
)
LaTeX Font Info:    Trying to load font information for U+msb on input line 34.


(/usr/share/texlive/texmf-dist/tex/latex/amsfonts/umsb.fd
File: umsb.fd 2013/01/14 v3.01 AMS symbols B
)
Underfull \hbox (badness 10000) in paragraph at lines 40--46

 []


Underfull \hbox (badness 10000) in paragraph at lines 47--51

 []


Underfull \hbox (badness 10000) in paragraph at lines 52--56

 []


Underfull \hbox (badness 10000) in paragraph at lines 57--61

 []


Underfull \hbox (badness 10000) in paragraph at lines 62--66

 []


Underfull \hbox (badness 10000) in paragraph at lines 67--72

 []


Underfull \hbox (badness 10000) in paragraph at lines 73--77

 []

[1

{/var/lib/texmf/fonts/map/pdftex/updmap/pdftex.map}]
Underfull \hbox (badness 10000) in paragraph at lines 78--82

 []


Underfull \hbox (badness 10000) in paragraph at lines 83--86

 []


Underfull \hbox (badness 10000) in paragraph at lines 87--90

 []


Underfull \hbox (badness 10000) in paragraph at lines 91--94

 []


Underfull \hbox (badness 10000) in paragraph at lines 95--99

 []


Underfull \hbox (badness 10000) in paragraph at lines 100--103

 []


Underfull \hbox (badness 10000) in paragraph at lines 104--108

 []


Underfull \hbox (badness 10000) in paragraph at lines 109--113

 []


Underfull \hbox (badness 10000) in paragraph at lines 114--116

 []


Underfull \hbox (badness 10000) in paragraph at lines 117--118

 []

[2]
Underfull \hbox (badness 10000) in paragraph at lines 119--120

 []


Underfull \hbox (badness 10000) in paragraph at lines 121--122

 []


Underfull \hbox (badness 10000) in paragraph at lines 124--126

 []


Underfull \hbox (badness 10000) in paragraph at lines 127--128

 []


Underfull \hbox (badness 10000) in paragraph at lines 129--131

 []


Underfull \hbox (badness 10000) in paragraph at lines 132--138

 []


Underfull \hbox (badness 10000) in paragraph at lines 139--140

 []


Underfull \hbox (badness 10000) in paragraph at lines 141--145

 []


Underfull \hbox (badness 10000) in paragraph at lines 146--147

 []


Underfull \hbox (badness 10000) in paragraph at lines 148--149

 []


Underfull \hbox (badness 10000) in paragraph at lines 150--154

 []


Underfull \hbox (badness 10000) in paragraph at lines 155--158

 []

[3]
Underfull \hbox (badness 10000) in paragraph at lines 159--160

 []


Underfull \hbox (badness 10000) in paragraph at lines 161--162

 []


Underfull \hbox (badness 10000) in paragraph at lines 163--164

 []


Underfull \hbox (badness 10000) in paragraph at lines 165--166

 []


Underfull \hbox (badness 10000) in paragraph at lines 167--168

 []


Underfull \hbox (badness 10000) in paragraph at lines 230--231

 []

<./images/task10.png, id=23, 482.80376pt x 368.37625pt>
File: ./images/task10.png Graphic file (type png)
<use ./images/task10.png>
Package pdftex.def Info: ./images/task10.png  used on input line 233.
(pdftex.def)             Requested size: 241.40129pt x 184.18767pt.
[4]
Underfull \hbox (badness 10000) in paragraph at lines 235--237

 []


Underfull \hbox (badness 10000) in paragraph at lines 240--241

 []


Underfull \hbox (badness 10000) in paragraph at lines 243--244

 []


Underfull \hbox (badness 10000) in paragraph at lines 245--246

 []


Underfull \hbox (badness 10000) in paragraph at lines 247--252

 []


Underfull \hbox (badness 10000) in paragraph at lines 253--257

 []


Underfull \hbox (badness 10000) in paragraph at lines 258--260

 []

<./images/task12a.png, id=28, 487.8225pt x 453.695pt>
File: ./images/task12a.png Graphic file (type png)
<use ./images/task12a.png>
Package pdftex.def Info: ./images/task12a.png  used on input line 266.
(pdftex.def)             Requested size: 121.95532pt x 113.42346pt.

Underfull \hbox (badness 10000) in paragraph at lines 263--267

 []

[5 <./images/task10.png>]
<./images/task12b.png, id=33, 525.965pt x 832.10875pt>
File: ./images/task12b.png Graphic file (type png)
<use ./images/task12b.png>
Package pdftex.def Info: ./images/task12b.png  used on input line 271.
(pdftex.def)             Requested size: 131.49092pt x 208.02667pt.

Underfull \hbox (badness 10000) in paragraph at lines 268--272

 []

<./images/task12c.png, id=34, 525.965pt x 580.1675pt>
File: ./images/task12c.png Graphic file (type png)
<use ./images/task12c.png>
Package pdftex.def Info: ./images/task12c.png  used on input line 277.
(pdftex.def)             Requested size: 131.49092pt x 145.0415pt.

Underfull \hbox (badness 10000) in paragraph at lines 274--278

 []

<./images/task12d.png, id=35, 885.3075pt x 580.1675pt>
File: ./images/task12d.png Graphic file (type png)
<use ./images/task12d.png>
Package pdftex.def Info: ./images/task12d.png  used on input line 282.
(pdftex.def)             Requested size: 221.32632pt x 145.0415pt.

Underfull \hbox (badness 10000) in paragraph at lines 279--283

 []

[6 <./images/task12a.png> <./images/task12b.png> <./images/task12c.png>]
<./images/task12e.png, id=42, 769.87625pt x 741.77126pt>
File: ./images/task12e.png Graphic file (type png)
<use ./images/task12e.png>
Package pdftex.def Info: ./images/task12e.png  used on input line 288.
(pdftex.def)             Requested size: 192.46858pt x 185.44235pt.

Underfull \hbox (badness 10000) in paragraph at lines 285--289

 []


Underfull \hbox (badness 10000) in paragraph at lines 291--292

 []


Underfull \hbox (badness 10000) in paragraph at lines 293--296

 []


Underfull \hbox (badness 10000) in paragraph at lines 297--300

 []


Underfull \hbox (badness 10000) in paragraph at lines 302--305

 []


Underfull \hbox (badness 10000) in paragraph at lines 307--308

 []


Underfull \hbox (badness 10000) in paragraph at lines 309--312

 []

[7 <./images/task12d.png> <./images/task12e.png>]
Underfull \hbox (badness 10000) in paragraph at lines 313--318

 []


Underfull \hbox (badness 10000) in paragraph at lines 319--320

 []


Underfull \hbox (badness 10000) in paragraph at lines 321--322

 []


Underfull \hbox (badness 10000) in paragraph at lines 323--327

 []

<./images/task15a.png, id=49, 397.485pt x 593.21625pt>
File: ./images/task15a.png Graphic file (type png)
<use ./images/task15a.png>
Package pdftex.def Info: ./images/task15a.png  used on input line 330.
(pdftex.def)             Requested size: 99.371pt x 148.3037pt.
<./images/task15b.png, id=50, 1295.84125pt x 579.16376pt>
File: ./images/task15b.png Graphic file (type png)
<use ./images/task15b.png>
Package pdftex.def Info: ./images/task15b.png  used on input line 335.
(pdftex.def)             Requested size: 323.95952pt x 144.79057pt.

LaTeX Warning: Command \i invalid in math mode on input line 339.


Underfull \hbox (badness 10000) in paragraph at lines 338--341

 []

[8 <./images/task15a.png> <./images/task15b.png>]
Underfull \hbox (badness 10000) in paragraph at lines 342--345

 []


Underfull \hbox (badness 10000) in paragraph at lines 346--347

 []


LaTeX Warning: Command \i invalid in math mode on input line 348.


Underfull \hbox (badness 10000) in paragraph at lines 348--352

 []


Underfull \hbox (badness 10000) in paragraph at lines 353--354

 []


Underfull \hbox (badness 10000) in paragraph at lines 355--356

 []


Underfull \hbox (badness 10000) in paragraph at lines 357--358

 []


Underfull \hbox (badness 10000) in paragraph at lines 359--360

 []


Underfull \hbox (badness 10000) in paragraph at lines 361--362

 []


Underfull \hbox (badness 10000) in paragraph at lines 364--368

 []


Underfull \hbox (badness 10000) in paragraph at lines 371--372

 []


Underfull \hbox (badness 10000) in paragraph at lines 373--376

 []


Underfull \hbox (badness 10000) in paragraph at lines 377--380

 []


Underfull \hbox (badness 10000) in paragraph at lines 381--384

 []


Underfull \hbox (badness 10000) in paragraph at lines 386--389

 []

[9]
Underfull \hbox (badness 10000) in paragraph at lines 391--394

 []


Underfull \hbox (badness 10000) in paragraph at lines 396--397

 []


Underfull \hbox (badness 10000) in paragraph at lines 398--400

 []


Underfull \hbox (badness 10000) in paragraph at lines 407--408

 []


Underfull \hbox (badness 10000) in paragraph at lines 409--411

 []


Underfull \hbox (badness 10000) in paragraph at lines 412--414

 []


Underfull \hbox (badness 10000) in paragraph at lines 415--417

 []


Underfull \hbox (badness 10000) in paragraph at lines 418--420

 []


Underfull \hbox (badness 10000) in paragraph at lines 421--423

 []


Underfull \hbox (badness 10000) in paragraph at lines 424--425

 []


Underfull \hbox (badness 10000) in paragraph at lines 426--430

 []


Underfull \hbox (badness 10000) in paragraph at lines 432--433

 []


Underfull \hbox (badness 10000) in paragraph at lines 434--436

 []

[10]
Underfull \hbox (badness 10000) in paragraph at lines 437--440

 []


Underfull \hbox (badness 10000) in paragraph at lines 441--443

 []


Underfull \hbox (badness 10000) in paragraph at lines 445--446

 []


Underfull \hbox (badness 10000) in paragraph at lines 447--450

 []


Underfull \hbox (badness 10000) in paragraph at lines 451--452

 []


Underfull \hbox (badness 10000) in paragraph at lines 454--458

 []


Underfull \hbox (badness 10000) in paragraph at lines 461--462

 []


Underfull \hbox (badness 10000) in paragraph at lines 463--464

 []


Underfull \hbox (badness 10000) in paragraph at lines 465--468

 []


Underfull \hbox (badness 10000) in paragraph at lines 469--470

 []


Underfull \hbox (badness 10000) in paragraph at lines 471--472

 []


Underfull \hbox (badness 10000) in paragraph at lines 473--474

 []


Underfull \hbox (badness 10000) in paragraph at lines 475--476

 []


Underfull \hbox (badness 10000) in paragraph at lines 477--478

 []


Underfull \hbox (badness 10000) in paragraph at lines 479--481

 []

[11]
Underfull \hbox (badness 10000) in paragraph at lines 482--483

 []


Underfull \hbox (badness 10000) in paragraph at lines 485--486

 []


Underfull \hbox (badness 10000) in paragraph at lines 487--488

 []


Underfull \hbox (badness 10000) in paragraph at lines 489--490

 []


Underfull \hbox (badness 10000) in paragraph at lines 491--493

 []


Underfull \hbox (badness 10000) in paragraph at lines 494--495

 []


Underfull \hbox (badness 10000) in paragraph at lines 496--497

 []


Underfull \hbox (badness 10000) in paragraph at lines 498--500

 []


Underfull \hbox (badness 10000) in paragraph at lines 501--502

 []


Underfull \hbox (badness 10000) in paragraph at lines 503--504

 []


Underfull \hbox (badness 10000) in paragraph at lines 505--507

 []


Underfull \hbox (badness 10000) in paragraph at lines 508--509

 []


Underfull \hbox (badness 10000) in paragraph at lines 510--511

 []


Underfull \hbox (badness 10000) in paragraph at lines 512--515

 []


Underfull \hbox (badness 10000) in paragraph at lines 518--519

 []


Underfull \hbox (badness 10000) in paragraph at lines 520--524

 []


Underfull \hbox (badness 10000) in paragraph at lines 525--526

 []

[12]
Underfull \hbox (badness 10000) in paragraph at lines 527--528

 []


Underfull \hbox (badness 10000) in paragraph at lines 529--532

 []


Underfull \hbox (badness 10000) in paragraph at lines 533--534

 []


Underfull \hbox (badness 10000) in paragraph at lines 535--536

 []


Underfull \hbox (badness 10000) in paragraph at lines 537--539

 []


Underfull \hbox (badness 10000) in paragraph at lines 541--544

 []


Underfull \hbox (badness 10000) in paragraph at lines 545--546

 []


Underfull \hbox (badness 10000) in paragraph at lines 548--549

 []


Underfull \hbox (badness 10000) in paragraph at lines 550--553

 []


Underfull \hbox (badness 10000) in paragraph at lines 554--557

 []


Underfull \hbox (badness 10000) in paragraph at lines 559--562

 []


Underfull \hbox (badness 10000) in paragraph at lines 563--566

 []


Underfull \hbox (badness 10000) in paragraph at lines 567--571

 []


Underfull \hbox (badness 10000) in paragraph at lines 572--573

 []

[13]
Underfull \hbox (badness 10000) in paragraph at lines 574--577

 []


Underfull \hbox (badness 10000) in paragraph at lines 578--579

 []


Underfull \hbox (badness 10000) in paragraph at lines 580--582

 []


Underfull \hbox (badness 10000) in paragraph at lines 583--584

 []


Underfull \hbox (badness 10000) in paragraph at lines 585--589

 []


Underfull \hbox (badness 10000) in paragraph at lines 591--592

 []


Underfull \hbox (badness 10000) in paragraph at lines 593--595

 []


Underfull \hbox (badness 10000) in paragraph at lines 597--600

 []


Underfull \hbox (badness 10000) in paragraph at lines 602--605

 []


Underfull \hbox (badness 10000) in paragraph at lines 607--611

 []


Underfull \hbox (badness 10000) in paragraph at lines 612--617

 []


Underfull \hbox (badness 10000) in paragraph at lines 619--621

 []


Underfull \hbox (badness 10000) in paragraph at lines 622--623

 []

[14]
Overfull \hbox (1.75842pt too wide) in paragraph at lines 624--626
[]\OT1/cmr/m/n/12 Starting with two dif-fer-ent $\OML/cmm/m/it/12 z$ \OT1/cmr/m
/n/12 val-ues first we get, $[] \OMS/cmsy/m/n/12 ^^T [] \OT1/cmr/m/n/12 + []$. 

 []


Underfull \hbox (badness 10000) in paragraph at lines 624--626

 []


Underfull \hbox (badness 10000) in paragraph at lines 627--628

 []


Underfull \hbox (badness 10000) in paragraph at lines 629--632

 []


Underfull \hbox (badness 10000) in paragraph at lines 635--637

 []


Underfull \hbox (badness 10000) in paragraph at lines 638--639

 []


Underfull \hbox (badness 10000) in paragraph at lines 640--641

 []


Underfull \hbox (badness 10000) in paragraph at lines 643--648

 []


Underfull \hbox (badness 10000) in paragraph at lines 649--651

 []


Underfull \hbox (badness 10000) in paragraph at lines 652--657

 []


Underfull \hbox (badness 10000) in paragraph at lines 658--661

 []


Underfull \hbox (badness 10000) in paragraph at lines 662--665

 []


Underfull \hbox (badness 10000) in paragraph at lines 668--669

 []

[15]
Underfull \hbox (badness 10000) in paragraph at lines 672--674

 []

<./images/task33b.png, id=78, 1032.85875pt x 536.0025pt>
File: ./images/task33b.png Graphic file (type png)
<use ./images/task33b.png>
Package pdftex.def Info: ./images/task33b.png  used on input line 675.
(pdftex.def)             Requested size: 258.21405pt x 134.00029pt.

Underfull \hbox (badness 10000) in paragraph at lines 675--678

 []

<./images/task33a.png, id=79, 637.38126pt x 836.12375pt>
File: ./images/task33a.png Graphic file (type png)
<use ./images/task33a.png>
Package pdftex.def Info: ./images/task33a.png  used on input line 679.
(pdftex.def)             Requested size: 159.34492pt x 209.03043pt.

Underfull \hbox (badness 10000) in paragraph at lines 679--682

 []


Underfull \hbox (badness 10000) in paragraph at lines 683--685

 []


Underfull \hbox (badness 10000) in paragraph at lines 687--689

 []


Underfull \hbox (badness 10000) in paragraph at lines 690--692

 []

[16 <./images/task33b.png> <./images/task33a.png>]
Underfull \hbox (badness 10000) in paragraph at lines 693--695

 []


Underfull \hbox (badness 10000) in paragraph at lines 696--698

 []


Underfull \hbox (badness 10000) in paragraph at lines 699--701

 []


Underfull \hbox (badness 10000) in paragraph at lines 702--704

 []


Underfull \hbox (badness 10000) in paragraph at lines 705--708

 []


Underfull \hbox (badness 10000) in paragraph at lines 709--713

 []


Underfull \hbox (badness 10000) in paragraph at lines 714--720

 []


Underfull \hbox (badness 10000) in paragraph at lines 723--724

 []


Underfull \hbox (badness 10000) in paragraph at lines 725--726

 []


Underfull \hbox (badness 10000) in paragraph at lines 728--731

 []


Underfull \hbox (badness 10000) in paragraph at lines 733--734

 []

[17]
Underfull \hbox (badness 10000) in paragraph at lines 735--738

 []


Underfull \hbox (badness 10000) in paragraph at lines 739--743

 []


Underfull \hbox (badness 10000) in paragraph at lines 744--745

 []


Underfull \hbox (badness 10000) in paragraph at lines 746--749

 []


Underfull \hbox (badness 10000) in paragraph at lines 750--753

 []


Underfull \hbox (badness 10000) in paragraph at lines 762--764

 []


Underfull \hbox (badness 10000) in paragraph at lines 766--768

 []


Underfull \hbox (badness 10000) in paragraph at lines 770--772

 []


Underfull \hbox (badness 10000) in paragraph at lines 774--776

 []


Underfull \hbox (badness 10000) in paragraph at lines 778--780

 []


Underfull \hbox (badness 10000) in paragraph at lines 782--784

 []


Underfull \hbox (badness 10000) in paragraph at lines 786--788

 []

[18]
Underfull \hbox (badness 10000) in paragraph at lines 789--792

 []


Underfull \hbox (badness 10000) in paragraph at lines 793--795

 []


Underfull \hbox (badness 10000) in paragraph at lines 796--797

 []


Underfull \hbox (badness 10000) in paragraph at lines 798--800

 []


Underfull \hbox (badness 10000) in paragraph at lines 801--804

 []


Underfull \hbox (badness 10000) in paragraph at lines 805--806

 []


Underfull \hbox (badness 10000) in paragraph at lines 807--812

 []


Underfull \hbox (badness 10000) in paragraph at lines 813--814

 []


Underfull \hbox (badness 10000) in paragraph at lines 815--817

 []


Underfull \hbox (badness 10000) in paragraph at lines 818--820

 []


Underfull \hbox (badness 10000) in paragraph at lines 821--824

 []

[19]
Underfull \hbox (badness 10000) in paragraph at lines 825--829

 []


Underfull \hbox (badness 10000) in paragraph at lines 830--831

 []


Underfull \hbox (badness 10000) in paragraph at lines 834--835

 []


Underfull \hbox (badness 10000) in paragraph at lines 836--839

 []


Underfull \hbox (badness 10000) in paragraph at lines 841--845

 []


Underfull \hbox (badness 10000) in paragraph at lines 847--851

 []


Underfull \hbox (badness 10000) in paragraph at lines 853--856

 []


Underfull \hbox (badness 10000) in paragraph at lines 857--861

 []


Underfull \hbox (badness 10000) in paragraph at lines 863--867

 []


Underfull \hbox (badness 10000) in paragraph at lines 872--873

 []


Underfull \hbox (badness 10000) in paragraph at lines 875--877

 []

[20]
Underfull \hbox (badness 10000) in paragraph at lines 879--881

 []


Underfull \hbox (badness 10000) in paragraph at lines 883--885

 []


Underfull \hbox (badness 10000) in paragraph at lines 887--889

 []


Underfull \hbox (badness 10000) in paragraph at lines 891--893

 []


Underfull \hbox (badness 10000) in paragraph at lines 895--897

 []


Underfull \hbox (badness 10000) in paragraph at lines 902--903

 []


Underfull \hbox (badness 10000) in paragraph at lines 905--906

 []


Underfull \hbox (badness 10000) in paragraph at lines 907--909

 []


Underfull \hbox (badness 10000) in paragraph at lines 910--911

 []


Underfull \hbox (badness 10000) in paragraph at lines 912--915

 []


Underfull \hbox (badness 10000) in paragraph at lines 917--921

 []


Underfull \hbox (badness 10000) in paragraph at lines 923--927

 []

[21]
Underfull \hbox (badness 10000) in paragraph at lines 929--933

 []


Underfull \hbox (badness 10000) in paragraph at lines 934--937

 []


Underfull \hbox (badness 10000) in paragraph at lines 938--941

 []


Underfull \hbox (badness 10000) in paragraph at lines 944--945

 []


Underfull \hbox (badness 10000) in paragraph at lines 946--948

 []


Underfull \hbox (badness 10000) in paragraph at lines 949--951

 []


Underfull \hbox (badness 10000) in paragraph at lines 952--954

 []


Underfull \hbox (badness 10000) in paragraph at lines 955--957

 []


Underfull \hbox (badness 10000) in paragraph at lines 958--960

 []


Underfull \hbox (badness 10000) in paragraph at lines 962--968

 []


Underfull \hbox (badness 10000) in paragraph at lines 969--970

 []

[22]
Underfull \hbox (badness 10000) in paragraph at lines 972--973

 []


Underfull \hbox (badness 10000) in paragraph at lines 974--977

 []


Underfull \hbox (badness 10000) in paragraph at lines 978--979

 []


Underfull \hbox (badness 10000) in paragraph at lines 981--984

 []


Underfull \hbox (badness 10000) in paragraph at lines 985--986

 []


Underfull \hbox (badness 10000) in paragraph at lines 988--990

 []


Underfull \hbox (badness 10000) in paragraph at lines 991--992

 []


Underfull \hbox (badness 10000) in paragraph at lines 993--997

 []


Underfull \hbox (badness 10000) in paragraph at lines 998--999

 []


Underfull \hbox (badness 10000) in paragraph at lines 1004--1005

 []


Underfull \hbox (badness 10000) in paragraph at lines 1007--1008

 []


Underfull \hbox (badness 10000) in paragraph at lines 1010--1011

 []


Underfull \hbox (badness 10000) in paragraph at lines 1013--1019

 []

[23]
Underfull \hbox (badness 10000) in paragraph at lines 1020--1021

 []


Underfull \hbox (badness 10000) in paragraph at lines 1024--1025

 []


Underfull \hbox (badness 10000) in paragraph at lines 1027--1028

 []


Underfull \hbox (badness 10000) in paragraph at lines 1030--1031

 []


Underfull \hbox (badness 10000) in paragraph at lines 1033--1034

 []

[24] (./solutions.aux)
 ***********
LaTeX2e <2025-11-01>
L3 programming layer <2026-03-20>
 ***********
 ) 
Here is how much of TeX's memory you used:
 2858 strings out of 469296
 41700 string characters out of 5465561
 451970 words of memory out of 6000000
 31680 multiletter control sequences out of 15000+600000
 636225 words of font info for 73 fonts, out of 8000000 for 9000
 36 hyphenation exceptions out of 8191
 57i,8n,65p,335b,213s stack positions out of 10000i,1000n,20000p,200000b,200000s
</usr/share/texlive/texmf-dist/fonts/type1/public/amsfonts/cm/cmbx12.pfb></us
r/share/texlive/texmf-dist/fonts/type1/public/amsfonts/cm/cmex10.pfb></usr/shar
e/texlive/texmf-dist/fonts/type1/public/amsfonts/cm/cmmi12.pfb></usr/share/texl
ive/texmf-dist/fonts/type1/public/amsfonts/cm/cmmi8.pfb></usr/share/texlive/tex
mf-dist/fonts/type1/public/amsfonts/cm/cmr12.pfb></usr/share/texlive/texmf-dist
/fonts/type1/public/amsfonts/cm/cmr17.pfb></usr/share/texlive/texmf-dist/fonts/
type1/public/amsfonts/cm/cmr6.pfb></usr/share/texlive/texmf-dist/fonts/type1/pu
blic/amsfonts/cm/cmr8.pfb></usr/share/texlive/texmf-dist/fonts/type1/public/ams
fonts/cm/cmsy10.pfb></usr/share/texlive/texmf-dist/fonts/type1/public/amsfonts/
cm/cmsy8.pfb></usr/share/texlive/texmf-dist/fonts/type1/public/amsfonts/cm/cmti
12.pfb></usr/share/texlive/texmf-dist/fonts/type1/public/amsfonts/symbols/msbm1
0.pfb>
Output written on solutions.pdf (24 pages, 480334 bytes).
PDF statistics:
 162 PDF objects out of 1000 (max. 8388607)
 91 compressed objects within 1 object stream
 0 named destinations out of 1000 (max. 500000)
 51 words of extra memory for PDF output out of 10000 (max. 10000000)

